[INFO] Scanning for projects...
[INFO] 
[INFO] -----------------------< monsterinn:Monster-Inn >-----------------------
[INFO] Building  0.0.1-SNAPSHOT
[INFO]   from pom.xml
[INFO] --------------------------------[ jar ]---------------------------------
[INFO] 
[INFO] >>> spring-boot:4.0.5:run (default-cli) > test-compile @ Monster-Inn >>>
[INFO] 
[INFO] --- resources:3.3.1:resources (default-resources) @ Monster-Inn ---
[INFO] Copying 1 resource from src\main\resources to target\classes
[INFO] Copying 21 resources from src\main\resources to target\classes
[INFO] 
[INFO] --- compiler:3.14.1:compile (default-compile) @ Monster-Inn ---
[INFO] Nothing to compile - all classes are up to date.
[INFO] 
[INFO] --- resources:3.3.1:testResources (default-testResources) @ Monster-Inn ---
[INFO] skip non existing resourceDirectory D:\01_KULIAH\Semester 4\Tubes PBO\monster inn clean\src\test\resources
[INFO] 
[INFO] --- compiler:3.14.1:testCompile (default-testCompile) @ Monster-Inn ---
[INFO] Nothing to compile - all classes are up to date.
[INFO] 
[INFO] <<< spring-boot:4.0.5:run (default-cli) < test-compile @ Monster-Inn <<<
[INFO] 
[INFO] 
[INFO] --- spring-boot:4.0.5:run (default-cli) @ Monster-Inn ---
[INFO] Attaching agents: []

  .   ____          _            __ _ _
 /\\ / ___'_ __ _ _(_)_ __  __ _ \ \ \ \
( ( )\___ | '_ | '_| | '_ \/ _` | \ \ \ \
 \\/  ___)| |_)| | | | | || (_| |  ) ) ) )
  '  |____| .__|_| |_|_| |_\__, | / / / /
 =========|_|==============|___/=/_/_/_/

 :: Spring Boot ::                (v4.0.5)

2026-06-24T19:42:40.965+07:00  INFO 28096 --- [Monster-Inn] [  restartedMain] monsterinn.MonsterInnApplication         : Starting MonsterInnApplication using Java 17.0.15 with PID 28096 (D:\01_KULIAH\Semester 4\Tubes PBO\monster inn clean\target\classes started by lenovo in D:\01_KULIAH\Semester 4\Tubes PBO\monster inn clean)
2026-06-24T19:42:40.968+07:00  INFO 28096 --- [Monster-Inn] [  restartedMain] monsterinn.MonsterInnApplication         : No active profile set, falling back to 1 default profile: "default"
2026-06-24T19:42:41.002+07:00  INFO 28096 --- [Monster-Inn] [  restartedMain] .e.DevToolsPropertyDefaultsPostProcessor : Devtools property defaults active! Set 'spring.devtools.add-properties' to 'false' to disable
2026-06-24T19:42:41.003+07:00  INFO 28096 --- [Monster-Inn] [  restartedMain] .e.DevToolsPropertyDefaultsPostProcessor : For additional web related logging consider setting the 'logging.level.web' property to 'DEBUG'
2026-06-24T19:42:41.493+07:00  INFO 28096 --- [Monster-Inn] [  restartedMain] .s.d.r.c.RepositoryConfigurationDelegate : Bootstrapping Spring Data JPA repositories in DEFAULT mode.
2026-06-24T19:42:41.540+07:00  INFO 28096 --- [Monster-Inn] [  restartedMain] .s.d.r.c.RepositoryConfigurationDelegate : Finished Spring Data repository scanning in 39 ms. Found 6 JPA repository interfaces.
2026-06-24T19:42:42.007+07:00  INFO 28096 --- [Monster-Inn] [  restartedMain] o.s.boot.tomcat.TomcatWebServer          : Tomcat initialized with port 8080 (http)
2026-06-24T19:42:42.019+07:00  INFO 28096 --- [Monster-Inn] [  restartedMain] o.apache.catalina.core.StandardService   : Starting service [Tomcat]
2026-06-24T19:42:42.019+07:00  INFO 28096 --- [Monster-Inn] [  restartedMain] o.apache.catalina.core.StandardEngine    : Starting Servlet engine: [Apache Tomcat/11.0.20]
2026-06-24T19:42:42.054+07:00  INFO 28096 --- [Monster-Inn] [  restartedMain] b.w.c.s.WebApplicationContextInitializer : Root WebApplicationContext: initialization completed in 1050 ms
2026-06-24T19:42:42.171+07:00  INFO 28096 --- [Monster-Inn] [  restartedMain] org.hibernate.orm.jpa                    : HHH008540: Processing PersistenceUnitInfo [name: default]
2026-06-24T19:42:42.206+07:00  INFO 28096 --- [Monster-Inn] [  restartedMain] org.hibernate.orm.core                   : HHH000001: Hibernate ORM core version 7.2.7.Final
2026-06-24T19:42:42.505+07:00  INFO 28096 --- [Monster-Inn] [  restartedMain] o.s.o.j.p.SpringPersistenceUnitInfo      : No LoadTimeWeaver setup: ignoring JPA class transformer
2026-06-24T19:42:42.529+07:00  INFO 28096 --- [Monster-Inn] [  restartedMain] com.zaxxer.hikari.HikariDataSource       : HikariPool-1 - Starting...
2026-06-24T19:42:42.663+07:00  INFO 28096 --- [Monster-Inn] [  restartedMain] com.zaxxer.hikari.pool.HikariPool        : HikariPool-1 - Added connection com.mysql.cj.jdbc.ConnectionImpl@283aa1de
2026-06-24T19:42:42.664+07:00  INFO 28096 --- [Monster-Inn] [  restartedMain] com.zaxxer.hikari.HikariDataSource       : HikariPool-1 - Start completed.
2026-06-24T19:42:42.710+07:00  WARN 28096 --- [Monster-Inn] [  restartedMain] org.hibernate.orm.core                   : HHH000511: The 5.5.5 version for [org.hibernate.dialect.MySQLDialect] is no longer supported, hence certain features may not work properly.The minimum supported version is 8.0.0. Check the community dialects project for available legacy versions.
2026-06-24T19:42:42.727+07:00  INFO 28096 --- [Monster-Inn] [  restartedMain] org.hibernate.orm.connections.pooling    : HHH10001005: Database info:
	Database JDBC URL [jdbc:mysql://localhost:3306/monster_inn?createDatabaseIfNotExist=true]
	Database driver: MySQL Connector/J
	Database dialect: MySQLDialect
	Database version: 5.5.5
	Default catalog/schema: monster_inn/undefined
	Autocommit mode: undefined/unknown
	Isolation level: REPEATABLE_READ [default REPEATABLE_READ]
	JDBC fetch size: none
	Pool: DataSourceConnectionProvider
	Minimum pool size: undefined/unknown
	Maximum pool size: undefined/unknown
2026-06-24T19:42:43.539+07:00  INFO 28096 --- [Monster-Inn] [  restartedMain] org.hibernate.orm.core                   : HHH000489: No JTA platform available (set 'hibernate.transaction.jta.platform' to enable JTA platform integration)
2026-06-24T19:42:43.801+07:00  INFO 28096 --- [Monster-Inn] [  restartedMain] j.LocalContainerEntityManagerFactoryBean : Initialized JPA EntityManagerFactory for persistence unit 'default'
2026-06-24T19:42:43.868+07:00  INFO 28096 --- [Monster-Inn] [  restartedMain] o.s.d.j.r.query.QueryEnhancerFactories   : Hibernate is in classpath; If applicable, HQL parser will be used.
2026-06-24T19:42:44.090+07:00  WARN 28096 --- [Monster-Inn] [  restartedMain] JpaBaseConfiguration$JpaWebConfiguration : spring.jpa.open-in-view is enabled by default. Therefore, database queries may be performed during view rendering. Explicitly configure spring.jpa.open-in-view to disable this warning
2026-06-24T19:42:44.137+07:00  INFO 28096 --- [Monster-Inn] [  restartedMain] r$InitializeUserDetailsManagerConfigurer : Global AuthenticationManager configured with UserDetailsService bean with name customUserDetailsService
2026-06-24T19:42:44.549+07:00  INFO 28096 --- [Monster-Inn] [  restartedMain] o.s.boot.tomcat.TomcatWebServer          : Tomcat started on port 8080 (http) with context path '/'
2026-06-24T19:42:44.555+07:00  INFO 28096 --- [Monster-Inn] [  restartedMain] monsterinn.MonsterInnApplication         : Started MonsterInnApplication in 3.864 seconds (process running for 4.175)
2026-06-24T19:42:47.281+07:00  INFO 28096 --- [Monster-Inn] [nio-8080-exec-1] o.a.c.c.C.[Tomcat].[localhost].[/]       : Initializing Spring DispatcherServlet 'dispatcherServlet'
2026-06-24T19:42:47.282+07:00  INFO 28096 --- [Monster-Inn] [nio-8080-exec-1] o.s.web.servlet.DispatcherServlet        : Initializing Servlet 'dispatcherServlet'
2026-06-24T19:42:47.283+07:00  INFO 28096 --- [Monster-Inn] [nio-8080-exec-1] o.s.web.servlet.DispatcherServlet        : Completed initialization in 1 ms
Hibernate: select u1_0.username,u1_0.password,u1_0.role from users u1_0 where u1_0.username=?
Hibernate: select r1_0.room_id,r1_0.guest_id,r1_0.element_cap,r1_0.is_occupied,r1_0.room_rate,r1_0.status from rooms r1_0
Hibernate: select count(r1_0.room_id) from rooms r1_0 where r1_0.status=?
Hibernate: select count(r1_0.room_id) from rooms r1_0 where r1_0.status=?
Hibernate: select m1_0.id_monster,m1_0.element_type,m1_0.base_cost,m1_0.extra_cost,m1_0.name,m1_0.prepaid_amount,m1_0.room_id,m1_0.stay_days,m1_0.soil_nutrient_cost,m1_0.thermal_surcharge,m1_0.filtration_cost from monsters m1_0 where m1_0.room_id is not null
